[backblue.gif]
[fade.gif]
[index.html]
[localhost/Wordpress/feed/index.html]
[localhost/Wordpress/comments/feed/index.html]
[localhost/Wordpress/wp-json/wp/v2/pages/31.json]
[localhost/Wordpress/wp-json/index.html]
[localhost/Wordpress/xmlrpc0db0.php]
[localhost/Wordpress/wp-json/oembed/1.0/embed86ee.json]
[localhost/Wordpress/wp-json/oembed/1.0/embed5e06]
[localhost/Wordpress/wp-content/uploads/2024/04/40548516_1902741260020095_3771287280833003520_n.jpg]
[localhost/Wordpress/wp-content/plugins/translatepress-multilingual/assets/images/flags/et.png]
[localhost/Wordpress/wp-content/plugins/translatepress-multilingual/assets/images/flags/en_GB.png]
[localhost/Wordpress/index.html]
[localhost/Wordpress/wp-content/themes/blocksy/static/bundle/main765d.js]
[localhost/Wordpress/wp-content/uploads/blocksy/css/global9593.css]
[localhost/Wordpress/wp-includes/css/dist/block-library/style.mine63c.css]
[localhost/Wordpress/wp-content/plugins/superb-blocks/assets/css/enhancements.min2072.css]
[localhost/Wordpress/wp-content/plugins/translatepress-multilingual/assets/css/trp-floater-language-switcherae29.css]
[localhost/Wordpress/wp-content/plugins/translatepress-multilingual/assets/css/trp-language-switcherae29.css]
[localhost/Wordpress/wp-content/themes/blocksy/static/fonts/stars.woff2]
[localhost/Wordpress/wp-content/themes/blocksy/static/bundle/main.min765d.css]
[localhost/Wordpress/wp-content/themes/blocksy/static/bundle/page-title.min765d.css]
[localhost/Wordpress/wp-includes/js/jquery/jquery.minf43b.js]
[localhost/Wordpress/wp-includes/js/jquery/jquery-migrate.min5589.js]
[localhost/Wordpress/en/feed/index.html]
[localhost/Wordpress/en/wp-json/wp/v2/pages/31.json]
[localhost/Wordpress/en/comments/feed/index.html]
[localhost/Wordpress/en/wp-json/index.html]
[localhost/Wordpress/en/wp-json/oembed/1.0/embed1dd3.json]
[localhost/Wordpress/en/wp-json/oembed/1.0/embed82b2]
[localhost/Wordpress/en/index.html]
[localhost/Wordpress/wp-content/plugins/translatepress-multilingual/assets/js/trp-translate-dom-changesae29.js]
[localhost/Wordpress/wp-content/themes/blocksy/static/bundle/no-scripts.min.css]
[localhost/Wordpress/wp-json/wp/v2/pages/28.json]
[localhost/Wordpress/wp-json/oembed/1.0/embedeebf.json]
[localhost/Wordpress/wp-json/oembed/1.0/embed3b7f]
[localhost/Wordpress/tubade-hinnakiri/index.html]
[localhost/Wordpress/wp-json/wp/v2/pages/37.json]
[localhost/Wordpress/wp-json/oembed/1.0/embedfa3c.json]
[localhost/Wordpress/wp-json/oembed/1.0/embed56c6]
[localhost/Wordpress/wp-content/uploads/2024/04/73305596_2134747473486138_6107011670310125568_n-1.jpg]
[localhost/Wordpress/wp-content/uploads/2024/04/73482674_2134747603486125_7507557753431261184_n.jpg]
[localhost/Wordpress/wp-content/uploads/2024/04/324631608_563540315315673_4265017014393975424_n.jpg]
[localhost/Wordpress/wp-content/uploads/2024/04/324233801_1895818250777883_2822981489500714844_n.jpg]
[localhost/Wordpress/wp-content/uploads/2024/04/75402034_2134747513486134_3610831099405533184_n-1.jpg]
[localhost/Wordpress/wp-content/uploads/2024/04/67944826_2078925245735028_321966498153234432_n.jpg]
[localhost/Wordpress/37-2/index.html]
[localhost/Wordpress/wp-json/wp/v2/pages/44.json]
[localhost/Wordpress/wp-json/oembed/1.0/embed784d.json]
[localhost/Wordpress/wp-json/oembed/1.0/embedff35]
[localhost/Wordpress/44-2/index.html]
[localhost/Wordpress/wp-content/plugins/translatepress-multilingual/assets/images/arrow-down-3101.svg]
[localhost/Wordpress/en/wp-json/wp/v2/pages/28.json]
[localhost/Wordpress/en/wp-json/oembed/1.0/embedfb9f.json]
[localhost/Wordpress/en/wp-json/oembed/1.0/embed1234]
[localhost/Wordpress/en/tubade-hinnakiri/index.html]
[localhost/Wordpress/en/wp-json/wp/v2/pages/37.json]
[localhost/Wordpress/en/wp-json/oembed/1.0/embedefdd.json]
[localhost/Wordpress/en/wp-json/oembed/1.0/embed2f57]
[localhost/Wordpress/en/37-2/index.html]
[localhost/Wordpress/en/wp-json/wp/v2/pages/44.json]
[localhost/Wordpress/en/wp-json/oembed/1.0/embed6aa3.json]
[localhost/Wordpress/en/wp-json/oembed/1.0/embed1f59]
[localhost/Wordpress/en/44-2/index.html]
[localhost/Wordpress/index3c55.html]
[localhost/Wordpress/index4837.html]
[localhost/Wordpress/index49b1.html]
[localhost/Wordpress/en/index3c55.html]
[localhost/Wordpress/en/index4837.html]
[localhost/Wordpress/en/index49b1.html]
